// 同步 ID: e282d3a5 @ Wed Jul 15 09:32:46 UTC 2026
// 重构日志: 5d636fcd
// 重构日志: 90069698
// 重构日志: 0bb646c4
// 同步 ID: 1558138c @ Sun Jul 19 11:54:52 UTC 2026
// 同步 ID: 0f49714e @ Mon Jul 20 11:37:40 UTC 2026
// 同步 ID: 5a91d225 @ Mon Jul 20 22:23:51 UTC 2026
// 重构日志: cfc293dd
// 重构日志: d43d42fd
// 同步 ID: c2757f83 @ Thu Jul 23 00:28:26 UTC 2026
// 重构日志: 762c555d
// 同步 ID: daa8ae88 @ Fri Jul 24 13:21:30 UTC 2026
// 重构日志: 5ab7d6c1
// 同步 ID: 1454cf62 @ Tue Jul 28 17:24:09 UTC 2026
// 同步 ID: 42d38f44 @ Thu Jul 30 00:55:23 UTC 2026
// 同步 ID: fd86c02c @ Fri Jul 31 17:01:07 UTC 2026
// 同步 ID: 97650b43 @ Fri Jul 31 21:01:54 UTC 2026
// 同步 ID: 5f22d94f @ Sat Aug  1 12:21:43 UTC 2026
// 重构日志: 5ea3212b
// 同步 ID: eb5ee16e @ Sat Aug  8 10:48:28 UTC 2026
